Archive member included to satisfy reference by file (symbol)

c:/st/stm32cubeide_1.6.1/stm32cubeide/plugins/com.st.stm32cube.ide.mcu.externaltools.gnu-tools-for-stm32.9-2020-q2-update.win32_1.5.0.202011040924/tools/bin/../lib/gcc/arm-none-eabi/9.3.1/../../../../arm-none-eabi/lib/thumb/v6-m/nofp\libc_nano.a(lib_a-errno.o)
                              Core/Src/syscalls.o (__errno)
c:/st/stm32cubeide_1.6.1/stm32cubeide/plugins/com.st.stm32cube.ide.mcu.externaltools.gnu-tools-for-stm32.9-2020-q2-update.win32_1.5.0.202011040924/tools/bin/../lib/gcc/arm-none-eabi/9.3.1/../../../../arm-none-eabi/lib/thumb/v6-m/nofp\libc_nano.a(lib_a-exit.o)
                              c:/st/stm32cubeide_1.6.1/stm32cubeide/plugins/com.st.stm32cube.ide.mcu.externaltools.gnu-tools-for-stm32.9-2020-q2-update.win32_1.5.0.202011040924/tools/bin/../lib/gcc/arm-none-eabi/9.3.1/../../../../arm-none-eabi/lib/thumb/v6-m/nofp/crt0.o (exit)
c:/st/stm32cubeide_1.6.1/stm32cubeide/plugins/com.st.stm32cube.ide.mcu.externaltools.gnu-tools-for-stm32.9-2020-q2-update.win32_1.5.0.202011040924/tools/bin/../lib/gcc/arm-none-eabi/9.3.1/../../../../arm-none-eabi/lib/thumb/v6-m/nofp\libc_nano.a(lib_a-impure.o)
                              c:/st/stm32cubeide_1.6.1/stm32cubeide/plugins/com.st.stm32cube.ide.mcu.externaltools.gnu-tools-for-stm32.9-2020-q2-update.win32_1.5.0.202011040924/tools/bin/../lib/gcc/arm-none-eabi/9.3.1/../../../../arm-none-eabi/lib/thumb/v6-m/nofp\libc_nano.a(lib_a-exit.o) (_global_impure_ptr)
c:/st/stm32cubeide_1.6.1/stm32cubeide/plugins/com.st.stm32cube.ide.mcu.externaltools.gnu-tools-for-stm32.9-2020-q2-update.win32_1.5.0.202011040924/tools/bin/../lib/gcc/arm-none-eabi/9.3.1/../../../../arm-none-eabi/lib/thumb/v6-m/nofp\libc_nano.a(lib_a-init.o)
                              c:/st/stm32cubeide_1.6.1/stm32cubeide/plugins/com.st.stm32cube.ide.mcu.externaltools.gnu-tools-for-stm32.9-2020-q2-update.win32_1.5.0.202011040924/tools/bin/../lib/gcc/arm-none-eabi/9.3.1/../../../../arm-none-eabi/lib/thumb/v6-m/nofp/crt0.o (__libc_init_array)
c:/st/stm32cubeide_1.6.1/stm32cubeide/plugins/com.st.stm32cube.ide.mcu.externaltools.gnu-tools-for-stm32.9-2020-q2-update.win32_1.5.0.202011040924/tools/bin/../lib/gcc/arm-none-eabi/9.3.1/../../../../arm-none-eabi/lib/thumb/v6-m/nofp\libc_nano.a(lib_a-memset.o)
                              c:/st/stm32cubeide_1.6.1/stm32cubeide/plugins/com.st.stm32cube.ide.mcu.externaltools.gnu-tools-for-stm32.9-2020-q2-update.win32_1.5.0.202011040924/tools/bin/../lib/gcc/arm-none-eabi/9.3.1/../../../../arm-none-eabi/lib/thumb/v6-m/nofp/crt0.o (memset)
c:/st/stm32cubeide_1.6.1/stm32cubeide/plugins/com.st.stm32cube.ide.mcu.externaltools.gnu-tools-for-stm32.9-2020-q2-update.win32_1.5.0.202011040924/tools/bin/../lib/gcc/arm-none-eabi/9.3.1/thumb/v6-m/nofp\libgcc.a(_udivsi3.o)
                              Core/Src/lcd.o (__aeabi_uidiv)
c:/st/stm32cubeide_1.6.1/stm32cubeide/plugins/com.st.stm32cube.ide.mcu.externaltools.gnu-tools-for-stm32.9-2020-q2-update.win32_1.5.0.202011040924/tools/bin/../lib/gcc/arm-none-eabi/9.3.1/thumb/v6-m/nofp\libgcc.a(_dvmd_tls.o)
                              c:/st/stm32cubeide_1.6.1/stm32cubeide/plugins/com.st.stm32cube.ide.mcu.externaltools.gnu-tools-for-stm32.9-2020-q2-update.win32_1.5.0.202011040924/tools/bin/../lib/gcc/arm-none-eabi/9.3.1/thumb/v6-m/nofp\libgcc.a(_udivsi3.o) (__aeabi_idiv0)
c:/st/stm32cubeide_1.6.1/stm32cubeide/plugins/com.st.stm32cube.ide.mcu.externaltools.gnu-tools-for-stm32.9-2020-q2-update.win32_1.5.0.202011040924/tools/bin/../lib/gcc/arm-none-eabi/9.3.1/thumb/v6-m/nofp\libgcc.a(_aeabi_uldivmod.o)
                              Drivers/STM32L0xx_HAL_Driver/Src/stm32l0xx_hal_rcc.o (__aeabi_uldivmod)
c:/st/stm32cubeide_1.6.1/stm32cubeide/plugins/com.st.stm32cube.ide.mcu.externaltools.gnu-tools-for-stm32.9-2020-q2-update.win32_1.5.0.202011040924/tools/bin/../lib/gcc/arm-none-eabi/9.3.1/thumb/v6-m/nofp\libgcc.a(_muldi3.o)
                              Drivers/STM32L0xx_HAL_Driver/Src/stm32l0xx_hal_rcc.o (__aeabi_lmul)
c:/st/stm32cubeide_1.6.1/stm32cubeide/plugins/com.st.stm32cube.ide.mcu.externaltools.gnu-tools-for-stm32.9-2020-q2-update.win32_1.5.0.202011040924/tools/bin/../lib/gcc/arm-none-eabi/9.3.1/thumb/v6-m/nofp\libgcc.a(_udivmoddi4.o)
                              c:/st/stm32cubeide_1.6.1/stm32cubeide/plugins/com.st.stm32cube.ide.mcu.externaltools.gnu-tools-for-stm32.9-2020-q2-update.win32_1.5.0.202011040924/tools/bin/../lib/gcc/arm-none-eabi/9.3.1/thumb/v6-m/nofp\libgcc.a(_aeabi_uldivmod.o) (__udivmoddi4)
c:/st/stm32cubeide_1.6.1/stm32cubeide/plugins/com.st.stm32cube.ide.mcu.externaltools.gnu-tools-for-stm32.9-2020-q2-update.win32_1.5.0.202011040924/tools/bin/../lib/gcc/arm-none-eabi/9.3.1/thumb/v6-m/nofp\libgcc.a(_clzdi2.o)
[...]
Memory Configuration

Name             Origin             Length             Attributes
RAM              0x0000000020000000 0x0000000000002000 xrw
FLASH            0x0000000008000000 0x0000000000008000 xr
*default*        0x0000000000000000 0xffffffffffffffff

Linker script and memory map

LOAD c:/st/stm32cubeide_1.6.1/stm32cubeide/plugins/com.st.stm32cube.ide.mcu.externaltools.gnu-tools-for-stm32.9-2020-q2-update.win32_1.5.0.202011040924/tools/bin/../lib/gcc/arm-none-eabi/9.3.1/thumb/v6-m/nofp/crti.o
LOAD c:/st/stm32cubeide_1.6.1/stm32cubeide/plugins/com.st.stm32cube.ide.mcu.externaltools.gnu-tools-for-stm32.9-2020-q2-update.win32_1.5.0.202011040924/tools/bin/../lib/gcc/arm-none-eabi/9.3.1/thumb/v6-m/nofp/crtbegin.o
LOAD c:/st/stm32cubeide_1.6.1/stm32cubeide/plugins/com.st.stm32cube.ide.mcu.externaltools.gnu-tools-for-stm32.9-2020-q2-update.win32_1.5.0.202011040924/tools/bin/../lib/gcc/arm-none-eabi/9.3.1/../../../../arm-none-eabi/lib/thumb/v6-m/nofp/crt0.o
LOAD Core/Src/lcd.o
LOAD Core/Src/main.o
LOAD Core/Src/stm32l0xx_hal_msp.o
LOAD Core/Src/stm32l0xx_it.o
LOAD Core/Src/syscalls.o
LOAD Core/Src/system_stm32l0xx.o
LOAD Drivers/STM32L0xx_HAL_Driver/Src/stm32l0xx_hal.o
LOAD Drivers/STM32L0xx_HAL_Driver/Src/stm32l0xx_hal_cortex.o
LOAD Drivers/STM32L0xx_HAL_Driver/Src/stm32l0xx_hal_dma.o
LOAD Drivers/STM32L0xx_HAL_Driver/Src/stm32l0xx_hal_exti.o
LOAD Drivers/STM32L0xx_HAL_Driver/Src/stm32l0xx_hal_flash.o
LOAD Drivers/STM32L0xx_HAL_Driver/Src/stm32l0xx_hal_flash_ex.o
LOAD Drivers/STM32L0xx_HAL_Driver/Src/stm32l0xx_hal_flash_ramfunc.o
LOAD Drivers/STM32L0xx_HAL_Driver/Src/stm32l0xx_hal_gpio.o
LOAD Drivers/STM32L0xx_HAL_Driver/Src/stm32l0xx_hal_i2c.o
LOAD Drivers/STM32L0xx_HAL_Driver/Src/stm32l0xx_hal_i2c_ex.o
LOAD Drivers/STM32L0xx_HAL_Driver/Src/stm32l0xx_hal_pwr.o
LOAD Drivers/STM32L0xx_HAL_Driver/Src/stm32l0xx_hal_pwr_ex.o
LOAD Drivers/STM32L0xx_HAL_Driver/Src/stm32l0xx_hal_rcc.o
LOAD Drivers/STM32L0xx_HAL_Driver/Src/stm32l0xx_hal_rcc_ex.o
LOAD Drivers/STM32L0xx_HAL_Driver/Src/stm32l0xx_hal_tim.o
LOAD Drivers/STM32L0xx_HAL_Driver/Src/stm32l0xx_hal_tim_ex.o
LOAD startup/startup_stm32l031xx.o
START GROUP
LOAD c:/st/stm32cubeide_1.6.1/stm32cubeide/plugins/com.st.stm32cube.ide.mcu.externaltools.gnu-tools-for-stm32.9-2020-q2-update.win32_1.5.0.202011040924/tools/bin/../lib/gcc/arm-none-eabi/9.3.1/../../../../arm-none-eabi/lib/thumb/v6-m/nofp\libc_nano.a
LOAD c:/st/stm32cubeide_1.6.1/stm32cubeide/plugins/com.st.stm32cube.ide.mcu.externaltools.gnu-tools-for-stm32.9-2020-q2-update.win32_1.5.0.202011040924/tools/bin/../lib/gcc/arm-none-eabi/9.3.1/../../../../arm-none-eabi/lib/thumb/v6-m/nofp\libm.a
END GROUP
START GROUP
LOAD c:/st/stm32cubeide_1.6.1/stm32cubeide/plugins/com.st.stm32cube.ide.mcu.externaltools.gnu-tools-for-stm32.9-2020-q2-update.win32_1.5.0.202011040924/tools/bin/../lib/gcc/arm-none-eabi/9.3.1/thumb/v6-m/nofp\libgcc.a
LOAD c:/st/stm32cubeide_1.6.1/stm32cubeide/plugins/com.st.stm32cube.ide.mcu.externaltools.gnu-tools-for-stm32.9-2020-q2-update.win32_1.5.0.202011040924/tools/bin/../lib/gcc/arm-none-eabi/9.3.1/../../../../arm-none-eabi/lib/thumb/v6-m/nofp\libc_nano.a
END GROUP
START GROUP
LOAD c:/st/stm32cubeide_1.6.1/stm32cubeide/plugins/com.st.stm32cube.ide.mcu.externaltools.gnu-tools-for-stm32.9-2020-q2-update.win32_1.5.0.202011040924/tools/bin/../lib/gcc/arm-none-eabi/9.3.1/thumb/v6-m/nofp\libgcc.a
LOAD c:/st/stm32cubeide_1.6.1/stm32cubeide/plugins/com.st.stm32cube.ide.mcu.externaltools.gnu-tools-for-stm32.9-2020-q2-update.win32_1.5.0.202011040924/tools/bin/../lib/gcc/arm-none-eabi/9.3.1/../../../../arm-none-eabi/lib/thumb/v6-m/nofp\libc_nano.a
LOAD c:/st/stm32cubeide_1.6.1/stm32cubeide/plugins/com.st.stm32cube.ide.mcu.externaltools.gnu-tools-for-stm32.9-2020-q2-update.win32_1.5.0.202011040924/tools/bin/../lib/gcc/arm-none-eabi/9.3.1/../../../../arm-none-eabi/lib/thumb/v6-m/nofp\libnosys.a
END GROUP
START GROUP
LOAD c:/st/stm32cubeide_1.6.1/stm32cubeide/plugins/com.st.stm32cube.ide.mcu.externaltools.gnu-tools-for-stm32.9-2020-q2-update.win32_1.5.0.202011040924/tools/bin/../lib/gcc/arm-none-eabi/9.3.1/thumb/v6-m/nofp\libgcc.a
LOAD c:/st/stm32cubeide_1.6.1/stm32cubeide/plugins/com.st.stm32cube.ide.mcu.externaltools.gnu-tools-for-stm32.9-2020-q2-update.win32_1.5.0.202011040924/tools/bin/../lib/gcc/arm-none-eabi/9.3.1/../../../../arm-none-eabi/lib/thumb/v6-m/nofp\libc_nano.a
LOAD c:/st/stm32cubeide_1.6.1/stm32cubeide/plugins/com.st.stm32cube.ide.mcu.externaltools.gnu-tools-for-stm32.9-2020-q2-update.win32_1.5.0.202011040924/tools/bin/../lib/gcc/arm-none-eabi/9.3.1/../../../../arm-none-eabi/lib/thumb/v6-m/nofp\libnosys.a
END GROUP
LOAD c:/st/stm32cubeide_1.6.1/stm32cubeide/plugins/com.st.stm32cube.ide.mcu.externaltools.gnu-tools-for-stm32.9-2020-q2-update.win32_1.5.0.202011040924/tools/bin/../lib/gcc/arm-none-eabi/9.3.1/thumb/v6-m/nofp/crtend.o
LOAD c:/st/stm32cubeide_1.6.1/stm32cubeide/plugins/com.st.stm32cube.ide.mcu.externaltools.gnu-tools-for-stm32.9-2020-q2-update.win32_1.5.0.202011040924/tools/bin/../lib/gcc/arm-none-eabi/9.3.1/thumb/v6-m/nofp/crtn.o
                0x0000000020002000                _estack = 0x20002000
                0x0000000000000200                _Min_Heap_Size = 0x200
                0x0000000000000400                _Min_Stack_Size = 0x400

.isr_vector     0x0000000008000000       0xc0
                0x0000000008000000                . = ALIGN (0x4)
 *(.isr_vector)
 .isr_vector    0x0000000008000000       0xc0 startup/startup_stm32l031xx.o
                0x0000000008000000                g_pfnVectors
                0x00000000080000c0                . = ALIGN (0x4)

.text           0x00000000080000c0     0x1bfc
                0x00000000080000c0                . = ALIGN (0x4)
 *(.text)
 .text          0x00000000080000c0       0x48 c:/st/stm32cubeide_1.6.1/stm32cubeide/plugins/com.st.stm32cube.ide.mcu.externaltools.gnu-tools-for-stm32.9-2020-q2-update.win32_1.5.0.202011040924/tools/bin/../lib/gcc/arm-none-eabi/9.3.1/thumb/v6-m/nofp/crtbegin.o
 .text          0x0000000008000108      0x114 c:/st/stm32cubeide_1.6.1/stm32cubeide/plugins/com.st.stm32cube.ide.mcu.externaltools.gnu-tools-for-stm32.9-2020-q2-update.win32_1.5.0.202011040924/tools/bin/../lib/gcc/arm-none-eabi/9.3.1/thumb/v6-m/nofp\libgcc.a(_udivsi3.o)
                0x0000000008000108                __aeabi_uidiv
                0x0000000008000108                __udivsi3
                0x0000000008000214                __aeabi_uidivmod
 .text          0x000000000800021c        0x4 c:/st/stm32cubeide_1.6.1/stm32cubeide/plugins/com.st.stm32cube.ide.mcu.externaltools.gnu-tools-for-stm32.9-2020-q2-update.win32_1.5.0.202011040924/tools/bin/../lib/gcc/arm-none-eabi/9.3.1/thumb/v6-m/nofp\libgcc.a(_dvmd_tls.o)
                0x000000000800021c                __aeabi_idiv0
                0x000000000800021c                __aeabi_ldiv0
 .text          0x0000000008000220       0x40 c:/st/stm32cubeide_1.6.1/stm32cubeide/plugins/com.st.stm32cube.ide.mcu.externaltools.gnu-tools-for-stm32.9-2020-q2-update.win32_1.5.0.202011040924/tools/bin/../lib/gcc/arm-none-eabi/9.3.1/thumb/v6-m/nofp\libgcc.a(_aeabi_uldivmod.o)
                0x0000000008000220                __aeabi_uldivmod
 .text          0x0000000008000260       0x50 c:/st/stm32cubeide_1.6.1/stm32cubeide/plugins/com.st.stm32cube.ide.mcu.externaltools.gnu-tools-for-stm32.9-2020-q2-update.win32_1.5.0.202011040924/tools/bin/../lib/gcc/arm-none-eabi/9.3.1/thumb/v6-m/nofp\libgcc.a(_muldi3.o)
                0x0000000008000260                __muldi3
                0x0000000008000260                __aeabi_lmul
 .text          0x00000000080002b0      0x198 c:/st/stm32cubeide_1.6.1/stm32cubeide/plugins/com.st.stm32cube.ide.mcu.externaltools.gnu-tools-for-stm32.9-2020-q2-update.win32_1.5.0.202011040924/tools/bin/../lib/gcc/arm-none-eabi/9.3.1/thumb/v6-m/nofp\libgcc.a(_udivmoddi4.o)
                0x00000000080002b0                __udivmoddi4
 .text          0x0000000008000448       0x18 c:/st/stm32cubeide_1.6.1/stm32cubeide/plugins/com.st.stm32cube.ide.mcu.externaltools.gnu-tools-for-stm32.9-2020-q2-update.win32_1.5.0.202011040924/tools/bin/../lib/gcc/arm-none-eabi/9.3.1/thumb/v6-m/nofp\libgcc.a(_clzdi2.o)
                0x0000000008000448                __clzdi2
 .text          0x0000000008000460       0x3c c:/st/stm32cubeide_1.6.1/stm32cubeide/plugins/com.st.stm32cube.ide.mcu.externaltools.gnu-tools-for-stm32.9-2020-q2-update.win32_1.5.0.202011040924/tools/bin/../lib/gcc/arm-none-eabi/9.3.1/thumb/v6-m/nofp\libgcc.a(_clzsi2.o)
                0x0000000008000460                __clzsi2
 *(.text*)
 .text.GLCD_InitalizePorts
                0x000000000800049c       0x70 Core/Src/lcd.o
                0x000000000800049c                GLCD_InitalizePorts
 .text.GLCD_EnableController
                0x000000000800050c       0x50 Core/Src/lcd.o
                0x000000000800050c                GLCD_EnableController
 .text.GLCD_DisableController
                0x000000000800055c       0x4a Core/Src/lcd.o
                0x000000000800055c                GLCD_DisableController
 *fill*         0x00000000080005a6        0x2 
 .text.GLCD_WriteCommand
                0x00000000080005a8       0x80 Core/Src/lcd.o
                0x00000000080005a8                GLCD_WriteCommand
 .text.GLCD_WriteData
                0x0000000008000628       0xa0 Core/Src/lcd.o
                0x0000000008000628                GLCD_WriteData
 .text.GLCD_Initalize
                0x00000000080006c8       0x3a Core/Src/lcd.o
                0x00000000080006c8                GLCD_Initalize
 *fill*         0x0000000008000702        0x2 
 .text.GLCD_GoTo
                0x0000000008000704       0xc0 Core/Src/lcd.o
                0x0000000008000704                GLCD_GoTo
 .text.GLCD_ClearScreen
                0x00000000080007c4       0x58 Core/Src/lcd.o
                0x00000000080007c4                GLCD_ClearScreen
 .text.GLCD_WriteChar
                0x000000000800081c       0x68 Core/Src/lcd.o
                0x000000000800081c                GLCD_WriteChar
 .text.GLCD_WriteString
                0x0000000008000884       0x2a Core/Src/lcd.o
                0x0000000008000884                GLCD_WriteString
 .text.GLCD_ReadByteFromROMMemory
                0x00000000080008ae       0x14 Core/Src/lcd.o
                0x00000000080008ae                GLCD_ReadByteFromROMMemory
 *fill*         0x00000000080008c2        0x2 
 .text.delay_us
                0x00000000080008c4       0x4c Core/Src/lcd.o
                0x00000000080008c4                delay_us
 .text.main     0x0000000008000910       0x54 Core/Src/main.o
                0x0000000008000910                main
 .text.SystemClock_Config
                0x0000000008000964       0xa8 Core/Src/main.o
                0x0000000008000964                SystemClock_Config
 .text.MX_GPIO_Init
                0x0000000008000a0c       0xd0 Core/Src/main.o
 .text.Error_Handler
                0x0000000008000adc        0xa Core/Src/main.o
                0x0000000008000adc                Error_Handler
 *fill*         0x0000000008000ae6        0x2 
 .text.HAL_MspInit
                0x0000000008000ae8       0x28 Core/Src/stm32l0xx_hal_msp.o
                0x0000000008000ae8                HAL_MspInit
 .text.NMI_Handler
                0x0000000008000b10        0x6 Core/Src/stm32l0xx_it.o
                0x0000000008000b10                NMI_Handler
 .text.HardFault_Handler
                0x0000000008000b16        0x6 Core/Src/stm32l0xx_it.o
                0x0000000008000b16                HardFault_Handler
 .text.SVC_Handler
                0x0000000008000b1c        0xa Core/Src/stm32l0xx_it.o
                0x0000000008000b1c                SVC_Handler
 .text.PendSV_Handler
                0x0000000008000b26        0xa Core/Src/stm32l0xx_it.o
                0x0000000008000b26                PendSV_Handler
 .text.SysTick_Handler
                0x0000000008000b30        0xe Core/Src/stm32l0xx_it.o
                0x0000000008000b30                SysTick_Handler
 .text.SystemInit
                0x0000000008000b3e        0xa Core/Src/system_stm32l0xx.o
                0x0000000008000b3e                SystemInit
 .text.HAL_Init
                0x0000000008000b48       0x40 Drivers/STM32L0xx_HAL_Driver/Src/stm32l0xx_hal.o
                0x0000000008000b48                HAL_Init
 .text.HAL_InitTick
                0x0000000008000b88       0x68 Drivers/STM32L0xx_HAL_Driver/Src/stm32l0xx_hal.o
                0x0000000008000b88                HAL_InitTick
 .text.HAL_IncTick
                0x0000000008000bf0       0x24 Drivers/STM32L0xx_HAL_Driver/Src/stm32l0xx_hal.o
                0x0000000008000bf0                HAL_IncTick
 .text.HAL_GetTick
                0x0000000008000c14       0x14 Drivers/STM32L0xx_HAL_Driver/Src/stm32l0xx_hal.o
                0x0000000008000c14                HAL_GetTick
 .text.HAL_Delay
                0x0000000008000c28       0x48 Drivers/STM32L0xx_HAL_Driver/Src/stm32l0xx_hal.o
                0x0000000008000c28                HAL_Delay
 .text.__NVIC_SetPriority
                0x0000000008000c70       0xdc Drivers/STM32L0xx_HAL_Driver/Src/stm32l0xx_hal_cortex.o
 .text.SysTick_Config
                0x0000000008000d4c       0x48 Drivers/STM32L0xx_HAL_Driver/Src/stm32l0xx_hal_cortex.o
 .text.HAL_NVIC_SetPriority
                0x0000000008000d94       0x2a Drivers/STM32L0xx_HAL_Driver/Src/stm32l0xx_hal_cortex.o
                0x0000000008000d94                HAL_NVIC_SetPriority
 .text.HAL_SYSTICK_Config
                0x0000000008000dbe       0x1a Drivers/STM32L0xx_HAL_Driver/Src/stm32l0xx_hal_cortex.o
                0x0000000008000dbe                HAL_SYSTICK_Config
 .text.HAL_GPIO_Init
                0x0000000008000dd8      0x2dc Drivers/STM32L0xx_HAL_Driver/Src/stm32l0xx_hal_gpio.o
                0x0000000008000dd8                HAL_GPIO_Init
 .text.HAL_GPIO_WritePin
                0x00000000080010b4       0x3a Drivers/STM32L0xx_HAL_Driver/Src/stm32l0xx_hal_gpio.o
                0x00000000080010b4                HAL_GPIO_WritePin
 .text.HAL_GPIO_TogglePin
                0x00000000080010ee       0x36 Drivers/STM32L0xx_HAL_Driver/Src/stm32l0xx_hal_gpio.o
                0x00000000080010ee                HAL_GPIO_TogglePin
 .text.HAL_RCC_OscConfig
                0x0000000008001124      0x6f8 Drivers/STM32L0xx_HAL_Driver/Src/stm32l0xx_hal_rcc.o
                0x0000000008001124                HAL_RCC_OscConfig
 .text.HAL_RCC_ClockConfig
                0x000000000800181c      0x290 Drivers/STM32L0xx_HAL_Driver/Src/stm32l0xx_hal_rcc.o
                0x000000000800181c                HAL_RCC_ClockConfig
 .text.HAL_RCC_GetSysClockFreq
                0x0000000008001aac      0x14c Drivers/STM32L0xx_HAL_Driver/Src/stm32l0xx_hal_rcc.o
                0x0000000008001aac                HAL_RCC_GetSysClockFreq
 .text.Reset_Handler
                0x0000000008001bf8       0x50 startup/startup_stm32l031xx.o
                0x0000000008001bf8                Reset_Handler
 .text.Default_Handler
                0x0000000008001c48        0x2 startup/startup_stm32l031xx.o
                0x0000000008001c48                ADC1_COMP_IRQHandler
                0x0000000008001c48                PVD_IRQHandler
                0x0000000008001c48                I2C1_IRQHandler
                0x0000000008001c48                SPI1_IRQHandler
                0x0000000008001c48                EXTI2_3_IRQHandler
                0x0000000008001c48                RTC_IRQHandler
                0x0000000008001c48                DMA1_Channel4_5_6_7_IRQHandler
                0x0000000008001c48                EXTI4_15_IRQHandler
                0x0000000008001c48                RCC_IRQHandler
                0x0000000008001c48                DMA1_Channel1_IRQHandler
                0x0000000008001c48                Default_Handler
                0x0000000008001c48                TIM22_IRQHandler
                0x0000000008001c48                EXTI0_1_IRQHandler
                0x0000000008001c48                TIM21_IRQHandler
                0x0000000008001c48                WWDG_IRQHandler
                0x0000000008001c48                LPUART1_IRQHandler
                0x0000000008001c48                TIM2_IRQHandler
                0x0000000008001c48                DMA1_Channel2_3_IRQHandler
                0x0000000008001c48                USART2_IRQHandler
                0x0000000008001c48                FLASH_IRQHandler
                0x0000000008001c48                LPTIM1_IRQHandler
 *fill*         0x0000000008001c4a        0x2 
 .text.__libc_init_array
                0x0000000008001c4c       0x48 c:/st/stm32cubeide_1.6.1/stm32cubeide/plugins/com.st.stm32cube.ide.mcu.externaltools.gnu-tools-for-stm32.9-2020-q2-update.win32_1.5.0.202011040924/tools/bin/../lib/gcc/arm-none-eabi/9.3.1/../../../../arm-none-eabi/lib/thumb/v6-m/nofp\libc_nano.a(lib_a-init.o)
                0x0000000008001c4c                __libc_init_array
 .text.memset   0x0000000008001c94       0x10 c:/st/stm32cubeide_1.6.1/stm32cubeide/plugins/com.st.stm32cube.ide.mcu.externaltools.gnu-tools-for-stm32.9-2020-q2-update.win32_1.5.0.202011040924/tools/bin/../lib/gcc/arm-none-eabi/9.3.1/../../../../arm-none-eabi/lib/thumb/v6-m/nofp\libc_nano.a(lib_a-memset.o)
                0x0000000008001c94                memset
 *(.glue_7)
 .glue_7        0x0000000008001ca4        0x0 linker stubs
 *(.glue_7t)
 .glue_7t       0x0000000008001ca4        0x0 linker stubs
 *(.eh_frame)
 .eh_frame      0x0000000008001ca4        0x0 c:/st/stm32cubeide_1.6.1/stm32cubeide/plugins/com.st.stm32cube.ide.mcu.externaltools.gnu-tools-for-stm32.9-2020-q2-update.win32_1.5.0.202011040924/tools/bin/../lib/gcc/arm-none-eabi/9.3.1/thumb/v6-m/nofp/crtbegin.o
 *(.init)
 .init          0x0000000008001ca4        0x4 c:/st/stm32cubeide_1.6.1/stm32cubeide/plugins/com.st.stm32cube.ide.mcu.externaltools.gnu-tools-for-stm32.9-2020-q2-update.win32_1.5.0.202011040924/tools/bin/../lib/gcc/arm-none-eabi/9.3.1/thumb/v6-m/nofp/crti.o
                0x0000000008001ca4                _init
 .init          0x0000000008001ca8        0x8 c:/st/stm32cubeide_1.6.1/stm32cubeide/plugins/com.st.stm32cube.ide.mcu.externaltools.gnu-tools-for-stm32.9-2020-q2-update.win32_1.5.0.202011040924/tools/bin/../lib/gcc/arm-none-eabi/9.3.1/thumb/v6-m/nofp/crtn.o
 *(.fini)
 .fini          0x0000000008001cb0        0x4 c:/st/stm32cubeide_1.6.1/stm32cubeide/plugins/com.st.stm32cube.ide.mcu.externaltools.gnu-tools-for-stm32.9-2020-q2-update.win32_1.5.0.202011040924/tools/bin/../lib/gcc/arm-none-eabi/9.3.1/thumb/v6-m/nofp/crti.o
                0x0000000008001cb0                _fini
 .fini          0x0000000008001cb4        0x8 c:/st/stm32cubeide_1.6.1/stm32cubeide/plugins/com.st.stm32cube.ide.mcu.externaltools.gnu-tools-for-stm32.9-2020-q2-update.win32_1.5.0.202011040924/tools/bin/../lib/gcc/arm-none-eabi/9.3.1/thumb/v6-m/nofp/crtn.o
                0x0000000008001cbc                . = ALIGN (0x4)
                0x0000000008001cbc                _etext = .

.vfp11_veneer   0x0000000008001cbc        0x0
 .vfp11_veneer  0x0000000008001cbc        0x0 linker stubs

.v4_bx          0x0000000008001cbc        0x0
 .v4_bx         0x0000000008001cbc        0x0 linker stubs

.iplt           0x0000000008001cbc        0x0
 .iplt          0x0000000008001cbc        0x0 c:/st/stm32cubeide_1.6.1/stm32cubeide/plugins/com.st.stm32cube.ide.mcu.externaltools.gnu-tools-for-stm32.9-2020-q2-update.win32_1.5.0.202011040924/tools/bin/../lib/gcc/arm-none-eabi/9.3.1/thumb/v6-m/nofp/crtbegin.o

.rodata         0x0000000008001cbc      0x208
                0x0000000008001cbc                . = ALIGN (0x4)
 *(.rodata)
 .rodata        0x0000000008001cbc        0xc Core/Src/main.o
 *(.rodata*)
 .rodata.font5x8
                0x0000000008001cc8      0x1e0 Core/Src/lcd.o
 .rodata.AHBPrescTable
                0x0000000008001ea8       0x10 Core/Src/system_stm32l0xx.o
                0x0000000008001ea8                AHBPrescTable
 .rodata.PLLMulTable
                0x0000000008001eb8        0x9 Core/Src/system_stm32l0xx.o
                0x0000000008001eb8                PLLMulTable
                0x0000000008001ec4                . = ALIGN (0x4)
 *fill*         0x0000000008001ec1        0x3 

.ARM.extab
 *(.ARM.extab* .gnu.linkonce.armextab.*)

.ARM            0x0000000008001ec4        0x8
                0x0000000008001ec4                __exidx_start = .
 *(.ARM.exidx*)
 .ARM.exidx     0x0000000008001ec4        0x8 c:/st/stm32cubeide_1.6.1/stm32cubeide/plugins/com.st.stm32cube.ide.mcu.externaltools.gnu-tools-for-stm32.9-2020-q2-update.win32_1.5.0.202011040924/tools/bin/../lib/gcc/arm-none-eabi/9.3.1/thumb/v6-m/nofp\libgcc.a(_udivmoddi4.o)
                0x0000000008001ecc                __exidx_end = .

.rel.dyn        0x0000000008001ecc        0x0
 .rel.iplt      0x0000000008001ecc        0x0 c:/st/stm32cubeide_1.6.1/stm32cubeide/plugins/com.st.stm32cube.ide.mcu.externaltools.gnu-tools-for-stm32.9-2020-q2-update.win32_1.5.0.202011040924/tools/bin/../lib/gcc/arm-none-eabi/9.3.1/thumb/v6-m/nofp/crtbegin.o

.preinit_array  0x0000000008001ecc        0x0
                0x0000000008001ecc                PROVIDE (__preinit_array_start = .)
 *(.preinit_array*)
                0x0000000008001ecc                PROVIDE (__preinit_array_end = .)

.init_array     0x0000000008001ecc        0x4
                0x0000000008001ecc                PROVIDE (__init_array_start = .)
 *(SORT_BY_NAME(.init_array.*))
 *(.init_array*)
 .init_array    0x0000000008001ecc        0x4 c:/st/stm32cubeide_1.6.1/stm32cubeide/plugins/com.st.stm32cube.ide.mcu.externaltools.gnu-tools-for-stm32.9-2020-q2-update.win32_1.5.0.202011040924/tools/bin/../lib/gcc/arm-none-eabi/9.3.1/thumb/v6-m/nofp/crtbegin.o
                0x0000000008001ed0                PROVIDE (__init_array_end = .)

.fini_array     0x0000000008001ed0        0x4
                [!provide]                        PROVIDE (__fini_array_start = .)
 *(SORT_BY_NAME(.fini_array.*))
 *(.fini_array*)
 .fini_array    0x0000000008001ed0        0x4 c:/st/stm32cubeide_1.6.1/stm32cubeide/plugins/com.st.stm32cube.ide.mcu.externaltools.gnu-tools-for-stm32.9-2020-q2-update.win32_1.5.0.202011040924/tools/bin/../lib/gcc/arm-none-eabi/9.3.1/thumb/v6-m/nofp/crtbegin.o
                [!provide]                        PROVIDE (__fini_array_end = .)
                0x0000000008001ed4                _sidata = LOADADDR (.data)

.data           0x0000000020000000        0xc load address 0x0000000008001ed4
                0x0000000020000000                . = ALIGN (0x4)
                0x0000000020000000                _sdata = .
 *(.data)
 *(.data*)
 .data.SystemCoreClock
                0x0000000020000000        0x4 Core/Src/system_stm32l0xx.o
                0x0000000020000000                SystemCoreClock
 .data.uwTickPrio
                0x0000000020000004        0x4 Drivers/STM32L0xx_HAL_Driver/Src/stm32l0xx_hal.o
                0x0000000020000004                uwTickPrio
 .data.uwTickFreq
                0x0000000020000008        0x1 Drivers/STM32L0xx_HAL_Driver/Src/stm32l0xx_hal.o
                0x0000000020000008                uwTickFreq
                0x000000002000000c                . = ALIGN (0x4)
 *fill*         0x0000000020000009        0x3 
                0x000000002000000c                _edata = .

.igot.plt       0x000000002000000c        0x0 load address 0x0000000008001ee0
 .igot.plt      0x000000002000000c        0x0 c:/st/stm32cubeide_1.6.1/stm32cubeide/plugins/com.st.stm32cube.ide.mcu.externaltools.gnu-tools-for-stm32.9-2020-q2-update.win32_1.5.0.202011040924/tools/bin/../lib/gcc/arm-none-eabi/9.3.1/thumb/v6-m/nofp/crtbegin.o
                0x000000002000000c                . = ALIGN (0x4)

.bss            0x000000002000000c       0x24 load address 0x0000000008001ee0
                0x000000002000000c                _sbss = .
                0x000000002000000c                __bss_start__ = _sbss
 *(.bss)
 .bss           0x000000002000000c       0x1c c:/st/stm32cubeide_1.6.1/stm32cubeide/plugins/com.st.stm32cube.ide.mcu.externaltools.gnu-tools-for-stm32.9-2020-q2-update.win32_1.5.0.202011040924/tools/bin/../lib/gcc/arm-none-eabi/9.3.1/thumb/v6-m/nofp/crtbegin.o
 *(.bss*)
 .bss.screen_x  0x0000000020000028        0x1 Core/Src/lcd.o
                0x0000000020000028                screen_x
 .bss.screen_y  0x0000000020000029        0x1 Core/Src/lcd.o
                0x0000000020000029                screen_y
 *(COMMON)
 *fill*         0x000000002000002a        0x2 
 COMMON         0x000000002000002c        0x4 Drivers/STM32L0xx_HAL_Driver/Src/stm32l0xx_hal.o
                0x000000002000002c                uwTick
                0x0000000020000030                . = ALIGN (0x4)
                0x0000000020000030                _ebss = .
                0x0000000020000030                __bss_end__ = _ebss

._user_heap_stack
                0x0000000020000030      0x600 load address 0x0000000008001ee0
                0x0000000020000030                . = ALIGN (0x4)
                0x0000000020000030                PROVIDE (end = .)
                [!provide]                        PROVIDE (_end = .)
                0x0000000020000230                . = (. + _Min_Heap_Size)
 *fill*         0x0000000020000030      0x200 
                0x0000000020000630                . = (. + _Min_Stack_Size)
 *fill*         0x0000000020000230      0x400 
                0x0000000020000630                . = ALIGN (0x4)

/DISCARD/
 libc.a(*)
 libm.a(*)
 libgcc.a(*)

.ARM.attributes
                0x0000000000000000       0x28
 *(.ARM.attributes)
 .ARM.attributes
                0x0000000000000000       0x1e c:/st/stm32cubeide_1.6.1/stm32cubeide/plugins/com.st.stm32cube.ide.mcu.externaltools.gnu-tools-for-stm32.9-2020-q2-update.win32_1.5.0.202011040924/tools/bin/../lib/gcc/arm-none-eabi/9.3.1/thumb/v6-m/nofp/crti.o
 .ARM.attributes
                0x000000000000001e       0x2c c:/st/stm32cubeide_1.6.1/stm32cubeide/plugins/com.st.stm32cube.ide.mcu.externaltools.gnu-tools-for-stm32.9-2020-q2-update.win32_1.5.0.202011040924/tools/bin/../lib/gcc/arm-none-eabi/9.3.1/thumb/v6-m/nofp/crtbegin.o
 .ARM.attributes
                0x000000000000004a       0x2c Core/Src/lcd.o
 .ARM.attributes
                0x0000000000000076       0x2c Core/Src/main.o
 .ARM.attributes
                0x00000000000000a2       0x2c Core/Src/stm32l0xx_hal_msp.o
 .ARM.attributes
                0x00000000000000ce       0x2c Core/Src/stm32l0xx_it.o
 .ARM.attributes
                0x00000000000000fa       0x2c Core/Src/system_stm32l0xx.o
 .ARM.attributes
                0x0000000000000126       0x2c Drivers/STM32L0xx_HAL_Driver/Src/stm32l0xx_hal.o
 .ARM.attributes
                0x0000000000000152       0x2c Drivers/STM32L0xx_HAL_Driver/Src/stm32l0xx_hal_cortex.o
 .ARM.attributes
                0x000000000000017e       0x2c Drivers/STM32L0xx_HAL_Driver/Src/stm32l0xx_hal_gpio.o
 .ARM.attributes
                0x00000000000001aa       0x2c Drivers/STM32L0xx_HAL_Driver/Src/stm32l0xx_hal_rcc.o
 .ARM.attributes
                0x00000000000001d6       0x22 startup/startup_stm32l031xx.o
 .ARM.attributes
                0x00000000000001f8       0x2c c:/st/stm32cubeide_1.6.1/stm32cubeide/plugins/com.st.stm32cube.ide.mcu.externaltools.gnu-tools-for-stm32.9-2020-q2-update.win32_1.5.0.202011040924/tools/bin/../lib/gcc/arm-none-eabi/9.3.1/../../../../arm-none-eabi/lib/thumb/v6-m/nofp\libc_nano.a(lib_a-init.o)
 .ARM.attributes
                0x0000000000000224       0x2c c:/st/stm32cubeide_1.6.1/stm32cubeide/plugins/com.st.stm32cube.ide.mcu.externaltools.gnu-tools-for-stm32.9-2020-q2-update.win32_1.5.0.202011040924/tools/bin/../lib/gcc/arm-none-eabi/9.3.1/../../../../arm-none-eabi/lib/thumb/v6-m/nofp\libc_nano.a(lib_a-memset.o)
 .ARM.attributes
                0x0000000000000250       0x1e c:/st/stm32cubeide_1.6.1/stm32cubeide/plugins/com.st.stm32cube.ide.mcu.externaltools.gnu-tools-for-stm32.9-2020-q2-update.win32_1.5.0.202011040924/tools/bin/../lib/gcc/arm-none-eabi/9.3.1/thumb/v6-m/nofp\libgcc.a(_udivsi3.o)
 .ARM.attributes
                0x000000000000026e       0x1e c:/st/stm32cubeide_1.6.1/stm32cubeide/plugins/com.st.stm32cube.ide.mcu.externaltools.gnu-tools-for-stm32.9-2020-q2-update.win32_1.5.0.202011040924/tools/bin/../lib/gcc/arm-none-eabi/9.3.1/thumb/v6-m/nofp\libgcc.a(_dvmd_tls.o)
 .ARM.attributes
                0x000000000000028c       0x1e c:/st/stm32cubeide_1.6.1/stm32cubeide/plugins/com.st.stm32cube.ide.mcu.externaltools.gnu-tools-for-stm32.9-2020-q2-update.win32_1.5.0.202011040924/tools/bin/../lib/gcc/arm-none-eabi/9.3.1/thumb/v6-m/nofp\libgcc.a(_aeabi_uldivmod.o)
 .ARM.attributes
                0x00000000000002aa       0x2c c:/st/stm32cubeide_1.6.1/stm32cubeide/plugins/com.st.stm32cube.ide.mcu.externaltools.gnu-tools-for-stm32.9-2020-q2-update.win32_1.5.0.202011040924/tools/bin/../lib/gcc/arm-none-eabi/9.3.1/thumb/v6-m/nofp\libgcc.a(_muldi3.o)
 .ARM.attributes
                0x00000000000002d6       0x2c c:/st/stm32cubeide_1.6.1/stm32cubeide/plugins/com.st.stm32cube.ide.mcu.externaltools.gnu-tools-for-stm32.9-2020-q2-update.win32_1.5.0.202011040924/tools/bin/../lib/gcc/arm-none-eabi/9.3.1/thumb/v6-m/nofp\libgcc.a(_udivmoddi4.o)
 .ARM.attributes
                0x0000000000000302       0x1e c:/st/stm32cubeide_1.6.1/stm32cubeide/plugins/com.st.stm32cube.ide.mcu.externaltools.gnu-tools-for-stm32.9-2020-q2-update.win32_1.5.0.202011040924/tools/bin/../lib/gcc/arm-none-eabi/9.3.1/thumb/v6-m/nofp\libgcc.a(_clzdi2.o)
 .ARM.attributes
                0x0000000000000320       0x1e c:/st/stm32cubeide_1.6.1/stm32cubeide/plugins/com.st.stm32cube.ide.mcu.externaltools.gnu-tools-for-stm32.9-2020-q2-update.win32_1.5.0.202011040924/tools/bin/../lib/gcc/arm-none-eabi/9.3.1/thumb/v6-m/nofp\libgcc.a(_clzsi2.o)
 .ARM.attributes
                0x000000000000033e       0x1e c:/st/stm32cubeide_1.6.1/stm32cubeide/plugins/com.st.stm32cube.ide.mcu.externaltools.gnu-tools-for-stm32.9-2020-q2-update.win32_1.5.0.202011040924/tools/bin/../lib/gcc/arm-none-eabi/9.3.1/thumb/v6-m/nofp/crtn.o
OUTPUT(graphicDisplay.elf elf32-littlearm)
LOAD linker stubs
LOAD c:/st/stm32cubeide_1.6.1/stm32cubeide/plugins/com.st.stm32cube.ide.mcu.externaltools.gnu-tools-for-stm32.9-2020-q2-update.win32_1.5.0.202011040924/tools/bin/../lib/gcc/arm-none-eabi/9.3.1/../../../../arm-none-eabi/lib/thumb/v6-m/nofp\libc.a
LOAD c:/st/stm32cubeide_1.6.1/stm32cubeide/plugins/com.st.stm32cube.ide.mcu.externaltools.gnu-tools-for-stm32.9-2020-q2-update.win32_1.5.0.202011040924/tools/bin/../lib/gcc/arm-none-eabi/9.3.1/../../../../arm-none-eabi/lib/thumb/v6-m/nofp\libm.a
LOAD c:/st/stm32cubeide_1.6.1/stm32cubeide/plugins/com.st.stm32cube.ide.mcu.externaltools.gnu-tools-for-stm32.9-2020-q2-update.win32_1.5.0.202011040924/tools/bin/../lib/gcc/arm-none-eabi/9.3.1/thumb/v6-m/nofp\libgcc.a

.debug_info     0x0000000000000000     0x354b
 .debug_info    0x0000000000000000      0x522 Core/Src/lcd.o
 .debug_info    0x0000000000000522      0x659 Core/Src/main.o
 .debug_info    0x0000000000000b7b      0x2c9 Core/Src/stm32l0xx_hal_msp.o
 .debug_info    0x0000000000000e44      0x1d4 Core/Src/stm32l0xx_it.o
 .debug_info    0x0000000000001018      0x363 Core/Src/system_stm32l0xx.o
 .debug_info    0x000000000000137b      0x8b1 Drivers/STM32L0xx_HAL_Driver/Src/stm32l0xx_hal.o
 .debug_info    0x0000000000001c2c      0x7bf Drivers/STM32L0xx_HAL_Driver/Src/stm32l0xx_hal_cortex.o
 .debug_info    0x00000000000023eb      0x787 Drivers/STM32L0xx_HAL_Driver/Src/stm32l0xx_hal_gpio.o
 .debug_info    0x0000000000002b72      0x9b7 Drivers/STM32L0xx_HAL_Driver/Src/stm32l0xx_hal_rcc.o
 .debug_info    0x0000000000003529       0x22 startup/startup_stm32l031xx.o

.debug_abbrev   0x0000000000000000      0xfd4
 .debug_abbrev  0x0000000000000000      0x1cf Core/Src/lcd.o
 .debug_abbrev  0x00000000000001cf      0x1c4 Core/Src/main.o
 .debug_abbrev  0x0000000000000393       0xf8 Core/Src/stm32l0xx_hal_msp.o
 .debug_abbrev  0x000000000000048b       0xd2 Core/Src/stm32l0xx_it.o
 .debug_abbrev  0x000000000000055d      0x145 Core/Src/system_stm32l0xx.o
 .debug_abbrev  0x00000000000006a2      0x267 Drivers/STM32L0xx_HAL_Driver/Src/stm32l0xx_hal.o
 .debug_abbrev  0x0000000000000909      0x28b Drivers/STM32L0xx_HAL_Driver/Src/stm32l0xx_hal_cortex.o
 .debug_abbrev  0x0000000000000b94      0x1e8 Drivers/STM32L0xx_HAL_Driver/Src/stm32l0xx_hal_gpio.o
 .debug_abbrev  0x0000000000000d7c      0x246 Drivers/STM32L0xx_HAL_Driver/Src/stm32l0xx_hal_rcc.o
 .debug_abbrev  0x0000000000000fc2       0x12 startup/startup_stm32l031xx.o

.debug_aranges  0x0000000000000000      0x408
 .debug_aranges
                0x0000000000000000       0x78 Core/Src/lcd.o
 .debug_aranges
                0x0000000000000078       0x38 Core/Src/main.o
 .debug_aranges
                0x00000000000000b0       0x20 Core/Src/stm32l0xx_hal_msp.o
 .debug_aranges
                0x00000000000000d0       0x40 Core/Src/stm32l0xx_it.o
 .debug_aranges
                0x0000000000000110       0x28 Core/Src/system_stm32l0xx.o
 .debug_aranges
                0x0000000000000138      0x110 Drivers/STM32L0xx_HAL_Driver/Src/stm32l0xx_hal.o
 .debug_aranges
                0x0000000000000248       0xc0 Drivers/STM32L0xx_HAL_Driver/Src/stm32l0xx_hal_cortex.o
 .debug_aranges
                0x0000000000000308       0x58 Drivers/STM32L0xx_HAL_Driver/Src/stm32l0xx_hal_gpio.o
 .debug_aranges
                0x0000000000000360       0x80 Drivers/STM32L0xx_HAL_Driver/Src/stm32l0xx_hal_rcc.o
 .debug_aranges
                0x00000000000003e0       0x28 startup/startup_stm32l031xx.o

.debug_ranges   0x0000000000000000      0x370
 .debug_ranges  0x0000000000000000       0x68 Core/Src/lcd.o
 .debug_ranges  0x0000000000000068       0x28 Core/Src/main.o
 .debug_ranges  0x0000000000000090       0x10 Core/Src/stm32l0xx_hal_msp.o
 .debug_ranges  0x00000000000000a0       0x30 Core/Src/stm32l0xx_it.o
 .debug_ranges  0x00000000000000d0       0x18 Core/Src/system_stm32l0xx.o
 .debug_ranges  0x00000000000000e8      0x100 Drivers/STM32L0xx_HAL_Driver/Src/stm32l0xx_hal.o
 .debug_ranges  0x00000000000001e8       0xb0 Drivers/STM32L0xx_HAL_Driver/Src/stm32l0xx_hal_cortex.o
 .debug_ranges  0x0000000000000298       0x48 Drivers/STM32L0xx_HAL_Driver/Src/stm32l0xx_hal_gpio.o
 .debug_ranges  0x00000000000002e0       0x70 Drivers/STM32L0xx_HAL_Driver/Src/stm32l0xx_hal_rcc.o
 .debug_ranges  0x0000000000000350       0x20 startup/startup_stm32l031xx.o

.debug_macro    0x0000000000000000     0xf838
 .debug_macro   0x0000000000000000      0x1ba Core/Src/lcd.o
 .debug_macro   0x00000000000001ba      0xa78 Core/Src/lcd.o
 .debug_macro   0x0000000000000c32       0x22 Core/Src/lcd.o
 .debug_macro   0x0000000000000c54       0x8e Core/Src/lcd.o
 .debug_macro   0x0000000000000ce2       0x51 Core/Src/lcd.o
 .debug_macro   0x0000000000000d33      0x103 Core/Src/lcd.o
 .debug_macro   0x0000000000000e36       0x6a Core/Src/lcd.o
 .debug_macro   0x0000000000000ea0      0x1df Core/Src/lcd.o
 .debug_macro   0x000000000000107f       0x70 Core/Src/lcd.o
 .debug_macro   0x00000000000010ef      0x119 Core/Src/lcd.o
 .debug_macro   0x0000000000001208       0x2e Core/Src/lcd.o
 .debug_macro   0x0000000000001236       0x28 Core/Src/lcd.o
 .debug_macro   0x000000000000125e       0x1c Core/Src/lcd.o
 .debug_macro   0x000000000000127a       0x22 Core/Src/lcd.o
 .debug_macro   0x000000000000129c       0xb5 Core/Src/lcd.o
 .debug_macro   0x0000000000001351      0x3ad Core/Src/lcd.o
 .debug_macro   0x00000000000016fe     0x7ef9 Core/Src/lcd.o
 .debug_macro   0x00000000000095f7       0x3c Core/Src/lcd.o
 .debug_macro   0x0000000000009633     0x352b Core/Src/lcd.o
 .debug_macro   0x000000000000cb5e      0x174 Core/Src/lcd.o
 .debug_macro   0x000000000000ccd2       0x5b Core/Src/lcd.o
 .debug_macro   0x000000000000cd2d      0x8b5 Core/Src/lcd.o
 .debug_macro   0x000000000000d5e2      0x474 Core/Src/lcd.o
 .debug_macro   0x000000000000da56      0x189 Core/Src/lcd.o
 .debug_macro   0x000000000000dbdf      0x13f Core/Src/lcd.o
 .debug_macro   0x000000000000dd1e      0x10d Core/Src/lcd.o
 .debug_macro   0x000000000000de2b      0x28e Core/Src/lcd.o
 .debug_macro   0x000000000000e0b9       0x28 Core/Src/lcd.o
 .debug_macro   0x000000000000e0e1      0x129 Core/Src/lcd.o
 .debug_macro   0x000000000000e20a      0x244 Core/Src/lcd.o
 .debug_macro   0x000000000000e44e      0x22c Core/Src/lcd.o
 .debug_macro   0x000000000000e67a       0x5b Core/Src/lcd.o
 .debug_macro   0x000000000000e6d5       0xa5 Core/Src/lcd.o
 .debug_macro   0x000000000000e77a      0x18d Core/Src/lcd.o
 .debug_macro   0x000000000000e907       0x16 Core/Src/lcd.o
 .debug_macro   0x000000000000e91d      0x12a Core/Src/lcd.o
 .debug_macro   0x000000000000ea47      0x1aa Core/Src/main.o
 .debug_macro   0x000000000000ebf1       0x76 Core/Src/main.o
 .debug_macro   0x000000000000ec67      0x1a1 Core/Src/stm32l0xx_hal_msp.o
 .debug_macro   0x000000000000ee08      0x1ab Core/Src/stm32l0xx_it.o
 .debug_macro   0x000000000000efb3      0x197 Core/Src/system_stm32l0xx.o
 .debug_macro   0x000000000000f14a      0x1bb Drivers/STM32L0xx_HAL_Driver/Src/stm32l0xx_hal.o
 .debug_macro   0x000000000000f305      0x197 Drivers/STM32L0xx_HAL_Driver/Src/stm32l0xx_hal_cortex.o
 .debug_macro   0x000000000000f49c      0x1cf Drivers/STM32L0xx_HAL_Driver/Src/stm32l0xx_hal_gpio.o
 .debug_macro   0x000000000000f66b      0x1cd Drivers/STM32L0xx_HAL_Driver/Src/stm32l0xx_hal_rcc.o

.debug_line     0x0000000000000000     0x5175
 .debug_line    0x0000000000000000      0x8db Core/Src/lcd.o
 .debug_line    0x00000000000008db      0x753 Core/Src/main.o
 .debug_line    0x000000000000102e      0x68a Core/Src/stm32l0xx_hal_msp.o
 .debug_line    0x00000000000016b8      0x6ee Core/Src/stm32l0xx_it.o
 .debug_line    0x0000000000001da6      0x73a Core/Src/system_stm32l0xx.o
 .debug_line    0x00000000000024e0      0x9dd Drivers/STM32L0xx_HAL_Driver/Src/stm32l0xx_hal.o
 .debug_line    0x0000000000002ebd      0x9b4 Drivers/STM32L0xx_HAL_Driver/Src/stm32l0xx_hal_cortex.o
 .debug_line    0x0000000000003871      0xa65 Drivers/STM32L0xx_HAL_Driver/Src/stm32l0xx_hal_gpio.o
 .debug_line    0x00000000000042d6      0xe1d Drivers/STM32L0xx_HAL_Driver/Src/stm32l0xx_hal_rcc.o
 .debug_line    0x00000000000050f3       0x82 startup/startup_stm32l031xx.o

.debug_str      0x0000000000000000    0x5d4ea
 .debug_str     0x0000000000000000    0x5c521 Core/Src/lcd.o
                                      0x5c80c (size before relaxing)
 .debug_str     0x000000000005c521      0x2aa Core/Src/main.o
                                      0x5c93b (size before relaxing)
 .debug_str     0x000000000005c7cb       0x2c Core/Src/stm32l0xx_hal_msp.o
                                      0x5c59d (size before relaxing)
 .debug_str     0x000000000005c7f7       0x76 Core/Src/stm32l0xx_it.o
                                      0x5c54f (size before relaxing)
 .debug_str     0x000000000005c86d       0x61 Core/Src/system_stm32l0xx.o
                                      0x5c5c8 (size before relaxing)
 .debug_str     0x000000000005c8ce      0x50b Drivers/STM32L0xx_HAL_Driver/Src/stm32l0xx_hal.o
                                      0x5cbf3 (size before relaxing)
 .debug_str     0x000000000005cdd9      0x203 Drivers/STM32L0xx_HAL_Driver/Src/stm32l0xx_hal_cortex.o
                                      0x5c90b (size before relaxing)
 .debug_str     0x000000000005cfdc      0x202 Drivers/STM32L0xx_HAL_Driver/Src/stm32l0xx_hal_gpio.o
                                      0x5c86d (size before relaxing)
 .debug_str     0x000000000005d1de      0x2dd Drivers/STM32L0xx_HAL_Driver/Src/stm32l0xx_hal_rcc.o
                                      0x5ca97 (size before relaxing)
 .debug_str     0x000000000005d4bb       0x2f startup/startup_stm32l031xx.o
                                         0x52 (size before relaxing)

.comment        0x0000000000000000       0x53
 .comment       0x0000000000000000       0x53 Core/Src/lcd.o
                                         0x54 (size before relaxing)
 .comment       0x0000000000000053       0x54 Core/Src/main.o
 .comment       0x0000000000000053       0x54 Core/Src/stm32l0xx_hal_msp.o
 .comment       0x0000000000000053       0x54 Core/Src/stm32l0xx_it.o
 .comment       0x0000000000000053       0x54 Core/Src/system_stm32l0xx.o
 .comment       0x0000000000000053       0x54 Drivers/STM32L0xx_HAL_Driver/Src/stm32l0xx_hal.o
 .comment       0x0000000000000053       0x54 Drivers/STM32L0xx_HAL_Driver/Src/stm32l0xx_hal_cortex.o
 .comment       0x0000000000000053       0x54 Drivers/STM32L0xx_HAL_Driver/Src/stm32l0xx_hal_gpio.o
 .comment       0x0000000000000053       0x54 Drivers/STM32L0xx_HAL_Driver/Src/stm32l0xx_hal_rcc.o

.debug_frame    0x0000000000000000      0xcf4
 .debug_frame   0x0000000000000000      0x190 Core/Src/lcd.o
 .debug_frame   0x0000000000000190       0x88 Core/Src/main.o
 .debug_frame   0x0000000000000218       0x2c Core/Src/stm32l0xx_hal_msp.o
 .debug_frame   0x0000000000000244       0x9c Core/Src/stm32l0xx_it.o
 .debug_frame   0x00000000000002e0       0x4c Core/Src/system_stm32l0xx.o
 .debug_frame   0x000000000000032c      0x394 Drivers/STM32L0xx_HAL_Driver/Src/stm32l0xx_hal.o
 .debug_frame   0x00000000000006c0      0x2a0 Drivers/STM32L0xx_HAL_Driver/Src/stm32l0xx_hal_cortex.o
 .debug_frame   0x0000000000000960      0x110 Drivers/STM32L0xx_HAL_Driver/Src/stm32l0xx_hal_gpio.o
 .debug_frame   0x0000000000000a70      0x1a8 Drivers/STM32L0xx_HAL_Driver/Src/stm32l0xx_hal_rcc.o
 .debug_frame   0x0000000000000c18       0x2c c:/st/stm32cubeide_1.6.1/stm32cubeide/plugins/com.st.stm32cube.ide.mcu.externaltools.gnu-tools-for-stm32.9-2020-q2-update.win32_1.5.0.202011040924/tools/bin/../lib/gcc/arm-none-eabi/9.3.1/../../../../arm-none-eabi/lib/thumb/v6-m/nofp\libc_nano.a(lib_a-init.o)
 .debug_frame   0x0000000000000c44       0x20 c:/st/stm32cubeide_1.6.1/stm32cubeide/plugins/com.st.stm32cube.ide.mcu.externaltools.gnu-tools-for-stm32.9-2020-q2-update.win32_1.5.0.202011040924/tools/bin/../lib/gcc/arm-none-eabi/9.3.1/../../../../arm-none-eabi/lib/thumb/v6-m/nofp\libc_nano.a(lib_a-memset.o)
 .debug_frame   0x0000000000000c64       0x20 c:/st/stm32cubeide_1.6.1/stm32cubeide/plugins/com.st.stm32cube.ide.mcu.externaltools.gnu-tools-for-stm32.9-2020-q2-update.win32_1.5.0.202011040924/tools/bin/../lib/gcc/arm-none-eabi/9.3.1/thumb/v6-m/nofp\libgcc.a(_udivsi3.o)
 .debug_frame   0x0000000000000c84       0x34 c:/st/stm32cubeide_1.6.1/stm32cubeide/plugins/com.st.stm32cube.ide.mcu.externaltools.gnu-tools-for-stm32.9-2020-q2-update.win32_1.5.0.202011040924/tools/bin/../lib/gcc/arm-none-eabi/9.3.1/thumb/v6-m/nofp\libgcc.a(_muldi3.o)
 .debug_frame   0x0000000000000cb8       0x3c c:/st/stm32cubeide_1.6.1/stm32cubeide/plugins/com.st.stm32cube.ide.mcu.externaltools.gnu-tools-for-stm32.9-2020-q2-update.win32_1.5.0.202011040924/tools/bin/../lib/gcc/arm-none-eabi/9.3.1/thumb/v6-m/nofp\libgcc.a(_udivmoddi4.o)
